[0;1;40;32mÄÄÄÄÄÄÄÄÄÄÄÄÄÄÄÄÄÄ
±±±±±±±±±±±±±±±±±±
±[1;37mÚÄÄÄÄÄÄÄÄÄÄÄÄÄÄ¿[32m°
±[1;37m³²±±±±±±±±±±±±±³[32m°
±[1;37m³²±±±±±±±±±±±±±³[32m°
±[1;37m³²±±±±±±±±±±±±±³[32m°
±[1;37m³²±±ÚÄÄÄÄÄÄ¿²±±³[32m°
±[1;37m³²±±³[32m°±±±±±[1;37m³²±±³[32m°
±[1;37m³²±±ÀÄÄÄÄÄÄÙ²±±³[32m°
±[1;37m³²±±±±±±±±±±±±±³[32m°
±[1;37m³²±±±±±±±±±±±±±³[32m°
±[1;37m³²±±ÚÄÄÄÄÄÄ¿²±±³[32m°
±[1;37m³²±±³[32m°±±±±±[1;37m³²±±³[32m°
±[1;37m³²±±³[32m°±±±±±[1;37m³²±±³[32m°
±[1;37m³²±±³[32m°±±±±±[1;37m³²±±³[32m°
±[1;37mÀÄÄÄÙ[32m°±±±±±[1;37mÀÄÄÄÙ[32m°
±±±±±±±±±±±±±±±±±±
ÄÄÄÄÄÄÄÄÄÄÄÄÄÄÄÄÄÄ
±±±±±±±±±±±±±±±±±±
±[1;37mÚÄÄÄÄÄÄÄÄÄÄÄÄÄÄ¿[32m°
±[1;37m³²±±±±±±±±±±±±±³[32m°
±[1;37m³²±±±±±±±±±±±±±³[32m°
±[1;37m³²±±±±±±±±±±±±±³[32m°
±[1;37m³²±±ÚÄÄÄÄÄÄ¿²±±³[32m°
±[1;37m³²±±³[32m°±±±±±[1;37m³²±±³[32m°
±[1;37m³²±±ÀÄÄÄÄÄÄÙ²±±³[32m°
±[1;37m³²±±±±±±±±±±±±ÚÙ[32m°
±[1;37m³²±±±±±±±±±±±±À¿[32m°
±[1;37m³²±±ÚÄÄÄÄÄÄ¿²±±³[32m°
±[1;37m³²±±³[32m°±±±±±[1;37m³²±±³[32m°
±[1;37m³²±±ÀÄÄÄÄÄÄÙ²±±³[32m°
±[1;37m³²±±±±±±±±±±±±±³[32m°
±[1;37mÀÄÄÄÄÄÄÄÄÄÄÄÄÄÄÙ[32m°
±±±±±±±±±±±±±±±±±±
ÄÄÄÄÄÄÄÄÄÄÄÄÄÄÄÄÄÄ
±±±±±±±±±±±±±±±±±±
±±±[1;37mÚÄÄÄÄÄÄÄÄÄÄÄÄ¿[32m°
±±±[1;37m³²±±±±±±±±±±±³[32m°
±[1;37mÚÄÙ²±±±±±±±±ÚÄÄÙ[32m°
±[1;37m³²±±±±±±±ÚÄÄÙ[32m°±±±
±[1;37m³²±±±±±±±³[32m°±±±±±±
±[1;37m³²±±±±±±±³[32m°±±±±±±
±[1;37m³²±±±±±±±³[32m°±±±±±±
±[1;37m³²±±±±±±±³[32m°±±±±±±
±[1;37m³²±±±±±±±³[32m°±±±±±±
±[1;37m³²±±±±±±±³[32m°±±±±±±
±[1;37m³²±±±±±±±ÀÄÄ¿[32m°±±±
±[1;37mÀÄÄ¿²±±±±±±±ÀÄÄ¿[32m°
±±±±[1;37m³²±±±±±±±±±±³[32m°
±±±±[1;37mÀÄÄÄÄÄÄÄÄÄÄÄÙ[32m°
±±±±±±±±±±±±±±±±±±
ÄÄÄÄÄÄÄÄÄÄÄÄÄÄÄÄÄÄ
±±±±±±±±±±±±±±±±±±
±[1;37mÚÄÄÄÄÄÄÄÄÄÄÄÄ¿[32m°±±
±[1;37m³²±±±±±±±±±±±ÀÄ¿[32m°
±[1;37m³²±±±±±±±±±±±±±³[32m°
±[1;37m³²±±±±±±±±±±±±±³[32m°
±[1;37m³²±±±±±±±±±±±±±³[32m°
±[1;37m³²±±±±±±ÚÄÄ¿±±±³[32m°
±[1;37m³²±±±±±±³[32m°±[1;37mÀ¿±±³[32m°
±[1;37m³²±±±±±±³[32m°±±[1;37m³²±³[32m°
±[1;37m³²±±±±±±³[32m°±±[1;37m³²±³[32m°
±[1;37m³²±±±±±±³[32m°±[1;37mÚÙ²±³[32m°
±[1;37m³²±±±±±±ÀÄÄÙ±±±³[32m°
±[1;37m³²±±±±±±±±±±±±±³[32m°
±[1;37m³²±±±±±±±±±±±ÚÄÙ[32m°
±[1;37mÀÄÄÄÄÄÄÄÄÄÄÄÄÙ[32m°±±
±±±±±±±±±±±±±±±±±±
ÄÄÄÄÄÄÄÄÄÄÄÄÄÄÄÄÄÄ
±±±±±±±±±±±±±±±±±±
±[1;37mÚÄÄÄÄÄÄÄÄÄÄÄÄÄÄ¿[32m°
±[1;37m³²±±±±±±±±±±±±±³[32m°
±[1;37m³²±±±±±±±±±±±±±³[32m°
±[1;37m³²±±±±±±±±±±±±±³[32m°
±[1;37m³²±ÚÄÄÄÄÄÄÄÄÄÄÄÙ[32m°
±[1;37m³²±³[32m°±±±±±±±±±±±±
±[1;37m³²±ÀÄÄÄÄÄÄ¿[32m±±±±±±
±[1;37m³²±±±±±±±±³[32m±±±±±±
±[1;37m³²±ÚÄÄÄÄÄÄÙ[32m±±±±±±
±[1;37m³²±³[32m°±±±±±±±±±±±±
±[1;37m³²±³[32m°±±±±±±±±±±±±
±[1;37m³²±ÀÄÄÄÄÄÄÄÄÄÄÄ¿[32m°
±[1;37m³²±±±±±±±±±±±±±³[32m°
±[1;37mÀÄÄÄÄÄÄÄÄÄÄÄÄÄÄÙ[32m°
±±±±±±±±±±±±±±±±±±
ÄÄÄÄÄÄÄÄÄÄÄÄÄÄÄÄÄÄ
±±±±±±±±±±±±±±±±±±
±[1;37mÚÄÄÄÄÄÄÄÄÄÄÄÄÄÄ¿[32m°
±[1;37m³²±±±±±±±±±±±±±³[32m°
±[1;37m³²±±±±±±±±±±±±±³[32m°
±[1;37m³²±±±±±±±±±±±±±³[32m°
±[1;37m³²±ÚÄÄÄÄÄÄÄÄÄÄÄÙ[32m°
±[1;37m³²±³[32m°±±±±±±±±±±±±
±[1;37m³²±ÀÄÄÄ¿[32m°±±±±±±±±
±[1;37m³²±±±±±³[32m°±±±±±±±±
±[1;37m³²±ÚÄÄÄÙ[32m°±±±±±±±±
±[1;37m³²±³[32m°±±±±±±±±±±±±
±[1;37m³²±³[32m°±±±±±±±±±±±±
±[1;37m³²±³[32m°±±±±±±±±±±±±
±[1;37m³²±³[32m°±±±±±±±±±±±±
±[1;37mÀÄÄÙ[32m°±±±±±±±±±±±±
±±±±±±±±±±±±±±±±±±
ÄÄÄÄÄÄÄÄÄÄÄÄÄÄÄÄÄÄ
±±±±±±±±±±±±±±±±±±
±[1;37mÚÄÄÄÄÄÄÄÄÄÄÄÄÄÄ¿[32m°
±[1;37m³²±±±±±±±±±±±±±³[32m°
±[1;37m³²±±±±±±±±±±±±±³[32m°
±[1;37m³²±±±±±±±±±±±±±³[32m°
±[1;37m³²ÚÄÄÄÄÄÄÄÄÄÄÄÄÙ[32m°
±[1;37m³²³[32m°±±±±±±±±±±±±±
±[1;37m³²³[32m°[1;37mÚÄÄÄÄÄÄÄÄÄÄ¿[32m°
±[1;37m³²³[32m°[1;37mÀÄ¿²±±±±±±±³[32m°
±[1;37m³²³[32m°±±[1;37m³²±±±±±±±³[32m°
±[1;37m³²³[32m°±±[1;37m³²±±±±±±±³[32m°
±[1;37m³²³[32m°±±[1;37m³²±±±±±±±³[32m°
±[1;37m³²ÀÄÄÄÙ²±±±±±±±³[32m°
±[1;37m³²±±±±±±±±±±±±±³[32m°
±[1;37mÀÄÄÄÄÄÄÄÄÄÄÄÄÄÄÙ[32m°
±±±±±±±±±±±±±±±±±±
ÄÄÄÄÄÄÄÄÄÄÄÄÄÄÄÄÄÄ
±±±±±±±±±±±±±±±±±±
±[1;37mÚÄÄÄ¿[32m°±±±±±[1;37mÚÄÄÄ¿[32m°
±[1;37m³²±±³[32m°±±±±±[1;37m³²±±³[32m°
±[1;37m³²±±³[32m°±±±±±[1;37m³²±±³[32m°
±[1;37m³²±±³[32m°±±±±±[1;37m³²±±³[32m°
±[1;37m³²±±³[32m°±±±±±[1;37m³²±±³[32m°
±[1;37m³²±±ÀÄÄÄÄÄÄÙ²±±³[32m°
±[1;37m³²±±±±±±±±±±±±±³[32m°
±[1;37m³²±±ÚÄÄÄÄÄÄ¿²±±³[32m°
±[1;37m³²±±³[32m°±±±±±[1;37m³²±±³[32m°
±[1;37m³²±±³[32m°±±±±±[1;37m³²±±³[32m°
±[1;37m³²±±³[32m°±±±±±[1;37m³²±±³[32m°
±[1;37m³²±±³[32m°±±±±±[1;37m³²±±³[32m°
±[1;37m³²±±³[32m°±±±±±[1;37m³²±±³[32m°
±[1;37mÀÄÄÄÙ[32m°±±±±±[1;37mÀÄÄÄÙ[32m°
±±±±±±±±±±±±±±±±±±
ÄÄÄÄÄÄÄÄÄÄÄÄÄÄÄÄÄÄ
±±±±±±±±±±±±±±±±±±
±±±[1;37mÚÄÄÄÄÄÄÄÄÄ¿[32m°±±±
±±±[1;37m³²±±±±±±±±³[32m°±±±
±±±[1;37m³²±±±±±±±±³[32m°±±±
±±±[1;37m³²±±±±±±±±³[32m°±±±
±±±[1;37m³²±±±±±±±±³[32m°±±±
±±±[1;37m³²±±±±±±±±³[32m°±±±
±±±[1;37m³²±±±±±±±±³[32m°±±±
±±±[1;37m³²±±±±±±±±³[32m°±±±
±±±[1;37m³²±±±±±±±±³[32m°±±±
±±±[1;37m³²±±±±±±±±³[32m°±±±
±±±[1;37m³²±±±±±±±±³[32m°±±±
±±±[1;37m³²±±±±±±±±³[32m°±±±
±±±[1;37m³²±±±±±±±±³[32m°±±±
±±±[1;37mÀÄÄÄÄÄÄÄÄÄÙ[32m°±±±
±±±±±±±±±±±±±±±±±±
ÄÄÄÄÄÄÄÄÄÄÄÄÄÄÄÄÄÄ
±±±±±±±±±±±±±±±±±±
±±±±±±±[1;37mÚÄÄÄÄÄÄÄÄ¿[32m°
±±±±±±±[1;37m³²±±±±±±±³[32m°
±±±±±±±[1;37m³²±±±±±±±³[32m°
±±±±±±±[1;37m³²±±±±±±±³[32m°
±±±±±±±[1;37m³²±±±±±±±³[32m°
±±±±±±±[1;37m³²±±±±±±±³[32m°
±±±±±±±[1;37m³²±±±±±±±³[32m°
±±±±±±±[1;37m³²±±±±±±±³[32m°
±[1;37mÚÄÄ¿[32m°±[1;37m³²±±±±±±±³[32m°
±[1;37m³²±³[32m°±[1;37m³²±±±±±±±³[32m°
±[1;37m³²±³[32m°±[1;37m³²±±±±±±±³[32m°
±[1;37m³²±ÀÄÄÙ²±±±±±±±³[32m°
±[1;37m³²±±±±±±±±±±±±±³[32m°
±[1;37mÀÄÄÄÄÄÄÄÄÄÄÄÄÄÄÙ[32m°
±±±±±±±±±±±±±±±±±±
ÄÄÄÄÄÄÄÄÄÄÄÄÄÄÄÄÄÄ
±±±±±±±±±±±±±±±±±±
±[1;37mÚÄÄÄÄÄÄÄÄÄÄ¿[32m±±±±±
±[1;37m³²±±±±±±±±±³ÚÄÄ¿[32m°
±[1;37m³²±±±±±±±±±³³²±³[32m°
±[1;37m³²±±±±±±±±±³³²±³[32m°
±[1;37m³²±±±±±±±±±ÀÙ²±³[32m°
±[1;37m³²±±±±±±±±±±±±±³[32m°
±[1;37m³²±±±±±±±±±±±±±³[32m°
±[1;37m³²±±±±±±±±±±±±ÚÙ[32m°
±[1;37m³²±±±±±±±±±±±±À¿[32m°
±[1;37m³²±±±±±±±±±±±±±³[32m°
±[1;37m³²±±±±±±±±±±±±±³[32m°
±[1;37m³²±±±±±±Ú¿²±±±±³[32m°
±[1;37m³²±±±±±±³³²±±±±³[32m°
±[1;37mÀÄÄÄÄÄÄÄÙÀÄÄÄÄÄÙ[32m°
±±±±±±±±±±±±±±±±±±
ÄÄÄÄÄÄÄÄÄÄÄÄÄÄÄÄÄÄ
±±±±±±±±±±±±±±±±±±
±[1;37mÚÄÄÄÄÄÄÄÄÄÄ¿[32m°±±±±
±[1;37m³²±±±±±±±±±³[32m°±±±±
±[1;37m³²±±±±±±±±±³[32m°±±±±
±[1;37m³²±±±±±±±±±³[32m°±±±±
±[1;37m³²±±±±±±±±±³[32m°±±±±
±[1;37m³²±±±±±±±±±³[32m°±±±±
±[1;37m³²±±±±±±±±±³[32m°±±±±
±[1;37m³²±±±±±±±±±³[32m°±±±±
±[1;37m³²±±±±±±±±±³[32m°±±±±
±[1;37m³²±±±±±±±±±³[32m°±±±±
±[1;37m³²±±±±±±±±±³[32m°±±±±
±[1;37m³²±±±±±±±±±ÀÄÄÄ¿[32m°
±[1;37m³²±±±±±±±±±±±±±³[32m°
±[1;37mÀÄÄÄÄÄÄÄÄÄÄÄÄÄÄÙ[32m°
±±±±±±±±±±±±±±±±±±
ÄÄÄÄÄÄÄÄÄÄÄÄÄÄÄÄÄÄ
±±±±±±±±±±±±±±±±±±
±[1;37mÚÄÄÄÄÄÄÄÄÄÄÄÄÄÄ¿[32m°
±[1;37m³²±±±±±±±±±±±±±³[32m°
±[1;37m³²±±±±±±±±±±±±±³[32m°
±[1;37m³²±±±±±±±±±±±±±³[32m°
±[1;37m³²±±±±±±±±±±±±±³[32m°
±[1;37m³²±ÚÄÄ¿²±ÚÄÄ¿²±³[32m°
±[1;37m³²±³[32m°±[1;37m³²±³[32m°±[1;37m³²±³[32m°
±[1;37m³²±³[32m°±[1;37m³²±³[32m°±[1;37m³²±³[32m°
±[1;37m³²±³[32m°±[1;37m³²±³[32m°±[1;37m³²±³[32m°
±[1;37m³²±³[32m°±[1;37m³²±³[32m°±[1;37m³²±³[32m°
±[1;37m³²±³[32m°±[1;37m³²±³[32m°±[1;37m³²±³[32m°
±[1;37m³²±³[32m°±[1;37m³²±³[32m°±[1;37m³²±³[32m°
±[1;37m³²±³[32m°±[1;37m³²±³[32m°±[1;37m³²±³[32m°
±[1;37mÀÄÄÙ[32m°±[1;37mÀÄÄÙ[32m°±[1;37mÀÄÄÙ[32m°
±±±±±±±±±±±±±±±±±±
ÄÄÄÄÄÄÄÄÄÄÄÄÄÄÄÄÄÄ
±±±±±±±±±±±±±±±±±±
±[1;37mÚÄÄÄÄÄÄÄÄÄÄÄÄÄÄ¿[32m°
±[1;37m³²±±±±±±±±±±±±±³[32m°
±[1;37m³²±±±±±±±±±±±±±³[32m°
±[1;37m³²±±±±±±±±±±±±±³[32m°
±[1;37m³²±±±±±±±±±±±±±³[32m°
±[1;37m³²±±ÚÄÄÄÄÄÄ¿²±±³[32m°
±[1;37m³²±±³[32m°±±±±±[1;37m³²±±³[32m°
±[1;37m³²±±³[32m°±±±±±[1;37m³²±±³[32m°
±[1;37m³²±±³[32m°±±±±±[1;37m³²±±³[32m°
±[1;37m³²±±³[32m°±±±±±[1;37m³²±±³[32m°
±[1;37m³²±±³[32m°±±±±±[1;37m³²±±³[32m°
±[1;37m³²±±³[32m°±±±±±[1;37m³²±±³[32m°
±[1;37m³²±±³[32m°±±±±±[1;37m³²±±³[32m°
±[1;37mÀÄÄÄÙ[32m°±±±±±[1;37mÀÄÄÄÙ[32m°
±±±±±±±±±±±±±±±±±±
ÄÄÄÄÄÄÄÄÄÄÄÄÄÄÄÄÄÄ
±±±±±±±±±±±±±±±±±±
±[1;37mÚÄÄÄÄÄÄÄÄÄÄÄÄÄÄ¿[32m°
±[1;37m³²±±±±±±±±±±±±±³[32m°
±[1;37m³²±±±±±±±±±±±±±³[32m°
±[1;37m³²±±±±±±±±±±±±±³[32m°
±[1;37m³²±±±±±±±±±±±±±³[32m°
±[1;37m³²±±±±±±ÚÄÄÄ¿²±³[32m°
±[1;37m³²±±±±±±³[32m°±±[1;37m³²±³[32m°
±[1;37m³²±±±±±±³[32m°±±[1;37m³²±³[32m°
±[1;37m³²±±±±±±³[32m°±±[1;37m³²±³[32m°
±[1;37m³²±±±±±±ÀÄÄÄÙ²±³[32m°
±[1;37m³²±±±±±±±±±±±±±³[32m°
±[1;37m³²±±±±±±±±±±±±±³[32m°
±[1;37m³²±±±±±±±±±±±±±³[32m°
±[1;37mÀÄÄÄÄÄÄÄÄÄÄÄÄÄÄÙ[32m°
±±±±±±±±±±±±±±±±±±
ÄÄÄÄÄÄÄÄÄÄÄÄÄÄÄÄÄÄ
±±±±±±±±±±±±±±±±±±
±[1;37mÚÄÄÄÄÄÄÄÄÄÄÄÄÄÄ¿[32m°
±[1;37m³²±±±±±±±±±±±±±³[32m°
±[1;37m³²±±±±±±±ÚÄÄÄ¿±³[32m°
±[1;37m³²±±±±±±±³[32m°±±[1;37m³±³[32m°
±[1;37m³²±±±±±±±³[32m°±±[1;37m³±³[32m°
±[1;37m³²±±±±±±±³[32m°±±[1;37m³±³[32m°
±[1;37m³²±±±±±±±ÀÄÄÄÙ±³[32m°
±[1;37m³²±±±±±±±±±±±±±³[32m°
±[1;37m³²±ÚÄÄÄÄÄÄÄÄÄÄÄÙ[32m°
±[1;37m³²±³[32m°±±±±±±±±±±±±
±[1;37m³²±³[32m°±±±±±±±±±±±±
±[1;37m³²±³[32m°±±±±±±±±±±±±
±[1;37m³²±³[32m°±±±±±±±±±±±±
±[1;37mÀÄÄÙ[32m°±±±±±±±±±±±±
±±±±±±±±±±±±±±±±±±
ÄÄÄÄÄÄÄÄÄÄÄÄÄÄÄÄÄÄ
±±±±±±±±±±±±±±±±±±
±[1;37mÚÄÄÄÄÄÄÄÄÄÄÄÄÄÄ¿[32m°
±[1;37m³²±±±±±±±±±±±±±³[32m°
±[1;37m³²±±±±±±±±±±±±±³[32m°
±[1;37m³²±±±±±±±±±±±±±³[32m°
±[1;37m³²±±±±±±±±±±±±±³[32m°
±[1;37m³²±ÚÄÄÄÄÄÄÄÄÄ¿±³[32m°
±[1;37m³²±³[32m°±±±±±±±±[1;37m³±³[32m°
±[1;37m³²±³[32m°±±±±±±±±[1;37m³±³[32m°
±[1;37m³²±³[32m°±[1;37mÚÄÄÄ¿[32m°±[1;37m³±³[32m°
±[1;37m³²±ÀÄÄÙ²±±ÀÄÄÙ±³[32m°
±[1;37m³²±±±±±±±±±±±±±³[32m°
±[1;37m³²±±±±±±±±±±±±±³[32m°
±[1;37mÀÄÄÄÄÄ¿²±±ÚÄÄÄÄÙ[32m°
±±±±±±±[1;37mÀÄÄÄÙ[32m°±±±±±
±±±±±±±±±±±±±±±±±±
ÄÄÄÄÄÄÄÄÄÄÄÄÄÄÄÄÄÄ
±±±±±±±±±±±±±±±±±±
±[1;37mÚÄÄÄÄÄÄÄÄÄÄÄÄÄÄ¿[32m°
±[1;37m³²±±±±±±±±±±±±±³[32m°
±[1;37m³²±±±±ÚÄÄ¿±±±±±³[32m°
±[1;37m³²±±±±³[32m°±[1;37m³±±±±±³[32m°
±[1;37m³²±±±±³[32m°±[1;37m³±±±±±³[32m°
±[1;37m³²±±±±ÀÄÄÙ±±±±±³[32m°
±[1;37m³²±±±±±±±±±±±±ÚÙ[32m°
±[1;37m³²±±±±±±±±±±±±À¿[32m°
±[1;37m³²±±±±ÚÄÄ¿²±±±±³[32m°
±[1;37m³²±±±±³[32m°±[1;37m³²±±±±³[32m°
±[1;37m³²±±±±³[32m°±[1;37m³²±±±±³[32m°
±[1;37m³²±±±±³[32m°±[1;37m³²±±±±³[32m°
±[1;37m³²±±±±³[32m°±[1;37m³²±±±±³[32m°
±[1;37mÀÄÄÄÄÄÙ[32m°±[1;37mÀÄÄÄÄÄÙ[32m°
±±±±±±±±±±±±±±±±±±
ÄÄÄÄÄÄÄÄÄÄÄÄÄÄÄÄÄÄ
±±±±±±±±±±±±±±±±±±
±[1;37mÚÄÄÄÄÄÄÄÄÄÄÄÄÄÄ¿[32m°
±[1;37m³²±±±±±±±±±±±±±³[32m°
±[1;37m³²±ÚÄÄÄÄÄÄÄÄÄÄÄÙ[32m°
±[1;37m³²±³[32m°±±±±±±±±±±±±
±[1;37m³²±ÀÄÄÄÄÄÄÄÄÄÄÄ¿[32m°
±[1;37m³²±±±±±±±±±±±±±³[32m°
±[1;37mÀÄÄÄ¿²±±±±±±±±±³[32m°
±±±±±[1;37m³²±±±±±±±±±³[32m°
±[1;37mÚÄ¿[32m°[1;37m³²±±±±±±±±±³[32m°
±[1;37m³²³[32m°[1;37m³²±±±±±±±±±³[32m°
±[1;37m³²³[32m°[1;37m³²±±±±±±±±±³[32m°
±[1;37m³²ÀÄÙ²±±±±±±±±±³[32m°
±[1;37m³²±±±±±±±±±±±±±³[32m°
±[1;37mÀÄÄÄÄÄÄÄÄÄÄÄÄÄÄÙ[32m°
±±±±±±±±±±±±±±±±±±
ÄÄÄÄÄÄÄÄÄÄÄÄÄÄÄÄÄÄ
±±±±±±±±±±±±±±±±±±
±[1;37mÚÄÄÄÄÄÄÄÄÄÄÄÄÄÄ¿[32m°
±[1;37m³²±±±±±±±±±±±±±³[32m°
±[1;37mÀÄ¿²±±±±±±±±±ÚÄÙ[32m°
±±±[1;37m³²±±±±±±±±±³[32m°±±
±±±[1;37m³²±±±±±±±±±³[32m°±±
±±±[1;37m³²±±±±±±±±±³[32m°±±
±±±[1;37m³²±±±±±±±±±³[32m°±±
±±±[1;37m³²±±±±±±±±±³[32m°±±
±±±[1;37m³²±±±±±±±±±³[32m°±±
±±±[1;37m³²±±±±±±±±±³[32m°±±
±±±[1;37m³²±±±±±±±±±³[32m°±±
±±±[1;37m³²±±±±±±±±±³[32m°±±
±±±[1;37m³²±±±±±±±±±³[32m°±±
±±±[1;37mÀÄÄÄÄÄÄÄÄÄÄÙ[32m°±±
±±±±±±±±±±±±±±±±±±
ÄÄÄÄÄÄÄÄÄÄÄÄÄÄÄÄÄÄ
±±±±±±±±±±±±±±±±±±
±[1;37mÚÄÄ¿[32m°±[1;37mÚÄÄÄÄÄÄÄÄ¿[32m°
±[1;37m³²±³[32m°±[1;37m³²±±±±±±±³[32m°
±[1;37m³²±³[32m°±[1;37m³²±±±±±±±³[32m°
±[1;37m³²±³[32m°±[1;37m³²±±±±±±±³[32m°
±[1;37m³²±³[32m°±[1;37m³²±±±±±±±³[32m°
±[1;37m³²±³[32m°±[1;37m³²±±±±±±±³[32m°
±[1;37m³²±³[32m°±[1;37m³²±±±±±±±³[32m°
±[1;37m³²±³[32m°±[1;37m³²±±±±±±±³[32m°
±[1;37m³²±ÀÄÄÙ²±±±±±±±³[32m°
±[1;37m³²±±±±±±±±±±±±±³[32m°
±[1;37m³²±±±±±±±±±±±±±³[32m°
±[1;37m³²±±±±±±±±±±±±±³[32m°
±[1;37m³²±±±±±±±±±±±±±³[32m°
±[1;37mÀÄÄÄÄÄÄÄÄÄÄÄÄÄÄÙ[32m°
±±±±±±±±±±±±±±±±±±
ÄÄÄÄÄÄÄÄÄÄÄÄÄÄÄÄÄÄ
±±±±±±±±±±±±±±±±±±
±[1;37mÚÄÄÄÄÄ¿[32m°±[1;37mÚÄÄÄÄÄ¿[32m°
±[1;37m³²±±±±³[32m°±[1;37m³²±±±±³[32m°
±[1;37m³²±±±±³[32m°±[1;37m³²±±±±³[32m°
±[1;37m³²±±±±³[32m°±[1;37m³²±±±±³[32m°
±[1;37m³²±±±±³[32m°±[1;37m³²±±±±³[32m°
±[1;37m³²±±±±³[32m°±[1;37m³²±±±±³[32m°
±[1;37m³²±±±±³[32m°±[1;37m³²±±±±³[32m°
±[1;37m³²±±±±³[32m°±[1;37m³²±±±±³[32m°
±[1;37m³²±±±±ÀÄÄÙ²±±±±³[32m°
±[1;37m³²±±±±±±±±±±±±±³[32m°
±[1;37m³²±±±±±±±±±±±±±³[32m°
±[1;37mÀ¿±±±±±±±±±±±±ÚÙ[32m°
±±[1;37mÀ¿±±±±±±±±±±ÚÙ[32m°±
±±±[1;37mÀÄÄÄÄÄÄÄÄÄÄÙ[32m°±±
±±±±±±±±±±±±±±±±±±
ÄÄÄÄÄÄÄÄÄÄÄÄÄÄÄÄÄÄ
±±±±±±±±±±±±±±±±±±
±[1;37mÚÄÄ¿[32m°±[1;37mÚÄÄ¿[32m°±[1;37mÚÄÄ¿[32m°
±[1;37m³²±³[32m°±[1;37m³²±³[32m°±[1;37m³²±³[32m°
±[1;37m³²±³[32m°±[1;37m³²±³[32m°±[1;37m³²±³[32m°
±[1;37m³²±³[32m°±[1;37m³²±³[32m°±[1;37m³²±³[32m°
±[1;37m³²±³[32m°±[1;37m³²±³[32m°±[1;37m³²±³[32m°
±[1;37m³²±³[32m°±[1;37m³²±³[32m°±[1;37m³²±³[32m°
±[1;37m³²±³[32m°±[1;37m³²±³[32m°±[1;37m³²±³[32m°
±[1;37m³²±³[32m°±[1;37m³²±³[32m°±[1;37m³²±³[32m°
±[1;37m³²±ÀÄÄÙ²±ÀÄÄÙ²±³[32m°
±[1;37m³²±±±±±±±±±±±±±³[32m°
±[1;37m³²±±±±±±±±±±±±±³[32m°
±[1;37m³²±±±±±±±±±±±±±³[32m°
±[1;37m³²±±±±±±±±±±±±±³[32m°
±[1;37mÀÄÄÄÄÄÄÄÄÄÄÄÄÄÄÙ[32m°
±±±±±±±±±±±±±±±±±±
ÄÄÄÄÄÄÄÄÄÄÄÄÄÄÄÄÄÄ
±±±±±±±±±±±±±±±±±±
±[1;37mÚÄÄÄÄÄ¿[32m°±[1;37mÚÄÄÄÄÄ¿[32m°
±[1;37m³²±±±±³[32m°±[1;37m³²±±±±³[32m°
±[1;37m³²±±±±³[32m°±[1;37m³²±±±±³[32m°
±[1;37m³²±±±±³[32m°±[1;37m³²±±±±³[32m°
±[1;37m³²±±±±ÀÄÄÙ²±±±±³[32m°
±[1;37m³²±±±±±±±±±±±±±³[32m°
±[1;37m³²±±±±±±±±±±±±±³[32m°
±[1;37mÀ¿±±±±±±±±±±±±ÚÙ[32m°
±±[1;37m³±±±±±±±±±±±±³[32m°±
±[1;37mÚÙ±±±±±±±±±±±±À¿[32m°
±[1;37m³²±±±±±±±±±±±±±³[32m°
±[1;37m³²±±±±ÚÄÄ¿²±±±±³[32m°
±[1;37m³²±±±±³[32m°±[1;37m³²±±±±³[32m°
±[1;37mÀÄÄÄÄÄÙ[32m°±[1;37mÀÄÄÄÄÄÙ[32m°
±±±±±±±±±±±±±±±±±±
ÄÄÄÄÄÄÄÄÄÄÄÄÄÄÄÄÄÄ
±±±±±±±±±±±±±±±±±±
±[1;37mÚÄÄ¿[32m°±[1;37mÚÄÄÄÄÄÄÄÄ¿[32m°
±[1;37m³²±³[32m°±[1;37m³²±±±±±±±³[32m°
±[1;37m³²±³[32m°±[1;37m³²±±±±±±±³[32m°
±[1;37m³²±³[32m°±[1;37m³²±±±±±±±³[32m°
±[1;37m³²±³[32m°±[1;37m³²±±±±±±±³[32m°
±[1;37m³²±³[32m°±[1;37m³²±±±±±±±³[32m°
±[1;37m³²±³[32m°±[1;37m³²±±±±±±±³[32m°
±[1;37m³²±ÀÄÄÙ²±±±±±±±³[32m°
±[1;37m³²±±±±±±±±±±±±±³[32m°
±[1;37mÀÄÄÄÄÄ¿²±±±±±±±³[32m°
±±±±±±±[1;37m³²±±±±±±±³[32m°
±[1;37mÚÄÄÄÄÄÙ²±±±±±±±³[32m°
±[1;37m³²±±±±±±±±±±±±±³[32m°
±[1;37mÀÄÄÄÄÄÄÄÄÄÄÄÄÄÄÙ[32m°
±±±±±±±±±±±±±±±±±±
ÄÄÄÄÄÄÄÄÄÄÄÄÄÄÄÄÄÄ
±±±±±±±±±±±±±±±±±±
±[1;37mÚÄÄÄÄÄÄÄÄÄÄÄÄÄÄ¿[32m°
±[1;37m³²±±±±±±±±±±±±±³[32m°
±[1;37mÀÄÄÄÄÄÄÄÄÄÄÄ¿²±³[32m°
±±±±±±±±±±±±±[1;37m³²±³[32m°
±[1;37mÚÄÄÄÄÄÄÄÄÄÄÄÙ²±³[32m°
±[1;37m³²±±±±±±±±±±±±±³[32m°
±[1;37m³²±±±±±±±±±±±±±³[32m°
±[1;37m³²±±±±±±±±±±±±±³[32m°
±[1;37m³²±±±±±±±±±±±±±³[32m°
±[1;37m³²±±±±±±±±ÚÄÄÄÄÙ[32m°
±[1;37m³²±±±±±±±±³[32m°±±±±±
±[1;37m³²±±±±±±±±ÀÄÄÄÄ¿[32m°
±[1;37m³²±±±±±±±±±±±±±³[32m°
±[1;37mÀÄÄÄÄÄÄÄÄÄÄÄÄÄÄÙ[32m°
±±±±±±±±±±±±±±±±±±
ÄÄÄÄÄÄÄÄÄÄÄÄÄÄÄÄÄÄ
±±±±±±±±±±±±±±±±±±
±±±±±±±±±±±±±±±±±±
±±±±±±±±±±±±±±±±±±
±±±±±±±±±±±±±±±±±±
±±±±±±±±±±±±±±±±±±
±±±±±±±±±±±±±±±±±±
±±±±±±±±±±±±±±±±±±
±±±±±±±±±±±±±±±±±±
±±±±±±±±±±±±±±±±±±
±±±±±±±±±±±±±±±±±±
±±±±±±±±±±±±±±±±±±
±±±±±[1;37mÚÄÄÄÄÄÄ¿[32m°±±±±
±±±±±[1;37m³²±±±±±³[32m°±±±±
±±±±±[1;37m³²±±±±±³[32m°±±±±
±±±±±[1;37mÀÄÄÄÄÄÄÙ[32m°±±±±
±±±±±±±±±±±±±±±±±±
ÄÄÄÄÄÄÄÄÄÄÄÄÄÄÄÄÄÄ
±±±±±±±±±±±±±±±±±±
±±±±±[1;37mÚÄÄÄÄÄÄ¿[32m°±±±±
±±±±±[1;37m³²±±±±±³[32m°±±±±
±±±±±[1;37m³²±±±±±³[32m°±±±±
±±±±±[1;37m³²±±±±±³[32m°±±±±
±±±±±[1;37m³²±±±±±³[32m°±±±±
±±±±±[1;37m³²±±±±±³[32m°±±±±
±±±±±[1;37m³²±±±±±³[32m°±±±±
±±±±±[1;37m³²±±±±±³[32m°±±±±
±±±±±[1;37mÀÄÄÄÄÄÄÙ[32m°±±±±
±±±±±±±±±±±±±±±±±±
±±±±±[1;37mÚÄÄÄÄÄÄ¿[32m°±±±±
±±±±±[1;37m³²±±±±±³[32m°±±±±
±±±±±[1;37m³²±±±±±³[32m°±±±±
±±±±±[1;37mÀÄÄÄÄÄÄÙ[32m°±±±±
±±±±±±±±±±±±±±±±±±
ÄÄÄÄÄÄÄÄÄÄÄÄÄÄÄÄÄÄ
±±±±±±±±±±±±±±±±±±
±±±±±±±±±±±±±±±±±±
±±±±±±±±±±±±±±±±±±
±±±±±±±±±±±±±±±±±±
±±±±±±±±±±±±±±±±±±
±±±±±±±±±±±±±±±±±±
±±±±±±±±±±±±±±±±±±
±±±±±±±±±±±±±±±±±±
±±±±±±±±±±±±±±±±±±
±±±±±±±±±±±±±±±±±±
±±±±±±±±±±±±±±±±±±
±±±±±±±±±±±±±±±±±±
±±±±±±±±±±±±±±±±±±
±±±±±±±±±±±±±±±±±±
±±±±±±±±±±±±±±±±±±
±±±±±±±±±±±±±±±±±±
ÄÄÄÄÄÄÄÄÄÄÄÄÄÄÄÄÄÄ
±±±±±±±±±±±±±±±±±±
±±±±±±±±±[1;37mÚÄÄÄÄÄÄ¿[32m°
±±±±±±±±±[1;37m³²±±±±±³[32m°
±±±±±±±±±[1;37m³²±±±±±³[32m°
±±±±±±±±±[1;37m³²±±±±±³[32m°
±±±±±±±±±[1;37m³²±±±±±³[32m°
±[1;37mÚÄÄÄÄÄÄÄÙ²±±±±±³[32m°
±[1;37m³²±±±±±±±±±±±±±³[32m°
±[1;37m³²±±±±±±±±±±±±±³[32m°
±[1;37m³²±±±±±±±±±±±±±³[32m°
±[1;37m³²±±±±±ÚÄÄÄÄÄÄÄÙ[32m°
±[1;37m³²±±±±±³[32m°±±±±±±±±
±[1;37m³²±±±±±³[32m°±±±±±±±±
±[1;37m³²±±±±±³[32m°±±±±±±±±
±[1;37mÀÄÄÄÄÄÄÙ[32m°±±±±±±±±
±±±±±±±±±±±±±±±±±±

